// Jest Snapshot v1, https://goo.gl/fbAQLP

exports[`provides all required keys 1`] = `
Array [
  "payload",
  "created",
  "createdBy",
  "cancelled",
  "expires",
  "accepted",
  "acceptedBy",
]
`;

exports[`status reporting provides all required statuses 1`] = `
Array [
  "CREATED",
  "CANCELLED",
  "EXPIRED",
  "ACCEPTED",
  "DELETED",
  "UNKNOWN",
]
`;
